Γû▓ Next.js 16.2.0 (Turbopack)
- Environments: .env

  Creating an optimized production build ...
Γ£ô Compiled successfully in 9.9s
  Running TypeScript ...
  Finished TypeScript in 6.5s ...
  Collecting page data using 3 workers ...
node.exe : Error [Pris
maClientInitialization
Error]: 
`PrismaClient` needs 
to be constructed 
with a non-empty, 
valid 
`PrismaClientOptions`:
At line:1 char:1
+ & "C:\Program Files\
nodejs/node.exe" 
"C:\Program 
Files\nodejs/node_mo 
...
+ ~~~~~~~~~~~~~~~~~~~~
~~~~~~~~~~~~~~~~~~~~~~
~~~~~~~~~~~~~~~~~~~~~~
~~~~~
    + CategoryInfo    
          : NotSpeci  
  fied: (Error [Pri   
 smaCl...ClientOpt    
ions`::String) []    
, RemoteException
    + FullyQualifiedE 
   rrorId : NativeCo  
  mmandError
 

```
new PrismaClient({
  ...
})
```

or

```
constructor() {
  super({ ... });
}
```
          
    at module 
evaluation (C:\Users\H
P\OneDrive\Documents\s
killcredaiengine\.next
\server\chunks\[root-o
f-the-server]__0.3hh8m
._.js:1:1827)
    at 
instantiateModule (C:\
Users\HP\OneDrive\Docu
ments\skillcredaiengin
e\.next\server\chunks\
[turbopack]_runtime.js
:853:9)
    at getOrInstantiat
eModuleFromParent (C:\
Users\HP\OneDrive\Docu
ments\skillcredaiengin
e\.next\server\chunks\
[turbopack]_runtime.js
:877:12)
    at 
Context.esmImport [as 
i] (C:\Users\HP\OneDri
ve\Documents\skillcred
aiengine\.next\server\
chunks\[turbopack]_run
time.js:281:20)
    at module 
evaluation (C:\Users\H
P\OneDrive\Documents\s
killcredaiengine\.next
\server\chunks\[root-o
f-the-server]__0.3hh8m
._.js:1:7673)
    at 
instantiateModule (C:\
Users\HP\OneDrive\Docu
ments\skillcredaiengin
e\.next\server\chunks\
[turbopack]_runtime.js
:853:9)
    at instantiateRunt
imeModule (C:\Users\HP
\OneDrive\Documents\sk
illcredaiengine\.next\
server\chunks\[turbopa
ck]_runtime.js:882:12)
    at getOrInstantiat
eRuntimeModule (C:\Use
rs\HP\OneDrive\Documen
ts\skillcredaiengine\.
next\server\chunks\[tu
rbopack]_runtime.js:89
5:12)
    at Object.m (C:\Us
ers\HP\OneDrive\Docume
nts\skillcredaiengine\
.next\server\chunks\[t
urbopack]_runtime.js:8
98:18) {
  clientVersion: 
'7.5.0',
  errorCode: 
undefined,
  retryable: undefined
}

> Build error occurred
Error: Failed to 
collect page data for 
/api/generate/image
    at ignore-listed 
frames {
  type: 'Error'
}
